[transformers] PyTorch was not found. Models won't be available and only tokenizers, configuration and file/data utilities can be used.
{"event": "start", "base": "zai-org/GLM-5.3-Flash", "rows": 880, "examples": 4400, "val_rows": 120, "steps": 80, "batch": 32, "lr": 0.0002, "rank": 16, "name": "sentinel-glm53flash"}
{"step": 1, "loss": 10.668212890625, "elapsed_s": 35.4}
{"step": 2, "loss": 2.3812618255615234, "elapsed_s": 41.9}
{"step": 3, "loss": 0.44244204461574554, "elapsed_s": 48.4}
{"step": 4, "loss": 1.0549473762512207, "elapsed_s": 54.5}
{"step": 5, "loss": 0.4080356955528259, "elapsed_s": 61.3}
{"step": 6, "loss": 0.46598899364471436, "elapsed_s": 83.1}
{"step": 7, "loss": 0.3658442050218582, "elapsed_s": 88.8}
{"step": 8, "loss": 0.3346841335296631, "elapsed_s": 94.8}
{"step": 9, "loss": 0.2917634844779968, "elapsed_s": 100.7}
{"step": 10, "loss": 0.5321532487869263, "elapsed_s": 106.5}
{"step": 11, "loss": 0.2904469668865204, "elapsed_s": 127.3}
{"step": 12, "loss": 0.27036508172750473, "elapsed_s": 132.9}
{"step": 13, "loss": 0.2889195382595062, "elapsed_s": 138.5}
{"step": 14, "loss": 0.2453506588935852, "elapsed_s": 144.4}
{"step": 15, "loss": 0.25940488278865814, "elapsed_s": 150.1}
{"step": 16, "loss": 0.06872113980352879, "elapsed_s": 171.1}
{"step": 17, "loss": 0.10512515902519226, "elapsed_s": 176.9}
{"step": 18, "loss": 0.09873031824827194, "elapsed_s": 182.6}
{"step": 19, "loss": 0.07651418633759022, "elapsed_s": 188.3}
{"step": 20, "loss": 0.047729531303048134, "elapsed_s": 194.2}
{"step": 21, "loss": 0.25444915890693665, "elapsed_s": 215.5}
{"step": 22, "loss": 0.19261963292956352, "elapsed_s": 221.6}
{"step": 23, "loss": 0.33225370943546295, "elapsed_s": 227.1}
{"step": 24, "loss": 0.19379417598247528, "elapsed_s": 232.6}
{"step": 25, "loss": 0.13144329376518726, "elapsed_s": 238.2}
{"step": 26, "loss": 0.22110582143068314, "elapsed_s": 262.0}
{"step": 27, "loss": 0.0794440321624279, "elapsed_s": 267.6}
{"step": 28, "loss": 0.10121702589094639, "elapsed_s": 273.5}
{"step": 29, "loss": 0.2149738073348999, "elapsed_s": 279.9}
{"step": 30, "loss": 0.11794392019510269, "elapsed_s": 286.1}
{"step": 31, "loss": 0.0844176858663559, "elapsed_s": 308.0}
{"step": 32, "loss": 0.14375198259949684, "elapsed_s": 314.1}
{"step": 33, "loss": 0.08390028215944767, "elapsed_s": 320.4}
{"step": 34, "loss": 0.08681148663163185, "elapsed_s": 326.3}
{"step": 35, "loss": 0.09707439132034779, "elapsed_s": 332.2}
{"step": 36, "loss": 0.020501283928751945, "elapsed_s": 354.0}
{"step": 37, "loss": 0.012887543067336082, "elapsed_s": 360.2}
{"step": 38, "loss": 0.009570714086294174, "elapsed_s": 366.2}
{"step": 39, "loss": 0.13162907771766186, "elapsed_s": 372.2}
{"step": 40, "loss": 0.16181036084890366, "elapsed_s": 378.5, "checkpoint": "river://1f961282-acb7-496e-bf46-6863f3e0b966/sampler_weights/sentinel-glm53flash-s040-inf", "val_acc": 0.9400000000000001}
{"step": 41, "loss": 0.005579251796007156, "elapsed_s": 488.6}
{"step": 42, "loss": 0.05162576586008072, "elapsed_s": 494.2}
{"step": 43, "loss": 0.1251021772623062, "elapsed_s": 500.1}
{"step": 44, "loss": 0.0058008823543787, "elapsed_s": 505.4}
{"step": 45, "loss": 0.1985085904598236, "elapsed_s": 511.3}
{"step": 46, "loss": 0.001132899895310402, "elapsed_s": 532.1}
{"step": 47, "loss": 0.06165137328207493, "elapsed_s": 537.6}
{"step": 48, "loss": 0.1532452329993248, "elapsed_s": 543.3}
{"step": 49, "loss": 0.13724763505160809, "elapsed_s": 548.7}
{"step": 50, "loss": 0.00926893949508667, "elapsed_s": 554.2}
{"step": 51, "loss": 0.4053158462047577, "elapsed_s": 575.0}
{"step": 52, "loss": 0.02874538116157055, "elapsed_s": 580.3}
{"step": 53, "loss": 0.08174804598093033, "elapsed_s": 585.8}
{"step": 54, "loss": 0.1490862537175417, "elapsed_s": 591.1}
{"step": 55, "loss": 0.14120570570230484, "elapsed_s": 596.8}
{"step": 56, "loss": 0.03576595336198807, "elapsed_s": 618.2}
{"step": 57, "loss": 0.05600188858807087, "elapsed_s": 624.3}
{"step": 58, "loss": 0.07262755371630192, "elapsed_s": 629.8}
{"step": 59, "loss": 0.07696148380637169, "elapsed_s": 635.4}
{"step": 60, "loss": 0.030302155762910843, "elapsed_s": 641.0}
{"step": 61, "loss": 0.020556384697556496, "elapsed_s": 661.6}
{"step": 62, "loss": 0.08677749708294868, "elapsed_s": 666.9}
{"step": 63, "loss": 0.12103434652090073, "elapsed_s": 672.2}
{"step": 64, "loss": 0.1356793250888586, "elapsed_s": 678.1}
{"step": 65, "loss": 0.08976868540048599, "elapsed_s": 683.6}
{"step": 66, "loss": 0.05237244628369808, "elapsed_s": 703.3}
{"step": 67, "loss": 0.06006339751183987, "elapsed_s": 709.1}
{"step": 68, "loss": 0.06492639519274235, "elapsed_s": 715.2}
{"step": 69, "loss": 0.02026134543120861, "elapsed_s": 720.9}
{"step": 70, "loss": 0.05789418891072273, "elapsed_s": 726.4}
{"step": 71, "loss": 0.03977584093809128, "elapsed_s": 749.1}
{"step": 72, "loss": 0.01074608787894249, "elapsed_s": 754.6}
{"step": 73, "loss": 0.01836714893579483, "elapsed_s": 760.6}
{"step": 74, "loss": 0.004116147756576538, "elapsed_s": 766.1}
{"step": 75, "loss": 0.02735452726483345, "elapsed_s": 771.5}
{"step": 76, "loss": 0.11304124817252159, "elapsed_s": 791.7}
{"step": 77, "loss": 0.001839183270931244, "elapsed_s": 797.1}
{"step": 78, "loss": 0.06696937792003155, "elapsed_s": 804.2}
{"step": 79, "loss": 0.23601060546934605, "elapsed_s": 809.8}
{"step": 80, "loss": 0.0020371098071336746, "elapsed_s": 816.3, "checkpoint": "river://1f961282-acb7-496e-bf46-6863f3e0b966/sampler_weights/sentinel-glm53flash-s080-inf", "val_acc": 0.9783333333333333}
{"event": "done", "best": {"step": 80, "inference": "river://1f961282-acb7-496e-bf46-6863f3e0b966/sampler_weights/sentinel-glm53flash-s080-inf", "training": "river://1f961282-acb7-496e-bf46-6863f3e0b966/weights/sentinel-glm53flash-s080-train", "val_acc": 0.9783333333333333, "val_per_field": {"kind": 0.9916666666666667, "quadrant": 0.9916666666666667, "human_only": 1.0, "department": 0.975, "tier": 0.9333333333333333}}, "elapsed_s": 897.2}
